Question 1

dhanu@EmbedUR:~/Assignment/Dhanu_Linux Training_Module 2$ find . -type f -size +1M
./Question 1/3mb_file.txt
./Question 1/6mb_file.txt
./Question 1/4mb_file.txt

Question 2

dhanu@EmbedUR:~/Assignment/Dhanu_Linux Training_Module 2$ sed 's/localhost/127.0.0.1/g' 'Question 2'/config.txt
# Database configuration 
database_host = 127.0.0.1
database_port = 3306
database_user = root
database_password = EmbedUr@2025

#Server Settings
server_address = 127.0.0.1:5000
log_level = DEBUG

#Email notification
smtp_server = 127.0.0.1
smtp_port = 25

Question 3

dhanu@EmbedUR:~/Assignment/Dhanu_Linux Training_Module 2$ grep -i ERROR 'Question 3'/log.txt | grep -iv DEBUG 
ERROR: Unable to connect to the database.
ERROR: Failed to fetch data from API endpoint '/users'.
ERROR: Missing required parameter in the request.

Question 4

dhanu@EmbedUR:~/Assignment/Dhanu_Linux Training_Module 2$ ps --no-header aux --sort -rss | head -n 1 | awk '{print $2}' | xargs kill -9

Question  5

dhanu@EmbedUR:~/Assignment/Dhanu_Linux Training_Module 2$ ip route | awk '{print $3}' | sort -u
10.0.2.2
enp0s3

